// Jest Snapshot v1, https://goo.gl/fbAQLP

exports[`Forecast container render should render a Forecast component 1`] = `<WithTheme(Component) />`;
